(-0.2753955+2.0292682j) r 0.05
 turn 1 dx/(2pi) = [-0.4816-0.0083j -0.3926-0.0101j] dv = [-1.4744+7.7337j -1.5872-0.4144j]
   eig M [-0.6162-0.7972j -0.7989+0.3555j  0.3263+0.9117j  1.0236-0.0116j]
 turn 2 dx/(2pi) = [-0.4655-0.1541j -0.4228-0.2147j] dv = [ -9.7733+3.7747j -13.9271-0.0958j]
   eig M [ 1.3198-0.9107j  0.9795+0.0272j -0.4259+0.7059j -0.422 +0.4114j]
 turn 3 dx/(2pi) = [-0.4506-0.0042j -0.4601-0.0056j] dv = [-0.7253+0.4029j -1.1088+1.954j ]
   eig M [0.8439-0.1523j 1.0902+0.0894j 0.8971+0.0531j 1.0034-0.0052j]
 turn 4 dx/(2pi) = [-0.9295-0.0029j -0.8479+0.0014j] dv = [-0.6675+7.8075j  0.1993+0.9042j]
   eig M [-0.5372-0.8784j -0.8606+0.4645j  0.468 +0.8547j  0.9972-0.0149j]
(-0.2753955+2.0292682j) r 0.02
 turn 1 dx/(2pi) = [-0.4416-0.0033j -0.3952-0.003j ] dv = [-1.5263+8.4928j -1.2818-1.6801j]
   eig M [ 1.0047-0.0008j  0.2351+0.9737j -0.5707-0.8128j -0.8541+0.3501j]
 turn 2 dx/(2pi) = [-0.444 -0.0961j -0.4211-0.1311j] dv = [-16.6567+3.601j  -23.176 -1.6498j]
   eig M [ 1.3658-0.834j   0.9839+0.0067j -0.4507+0.7679j -0.4709+0.3632j]
 turn 3 dx/(2pi) = [-0.4488-0.0013j -0.4518-0.0014j] dv = [-0.519 +0.3225j -0.8063+1.3837j]
   eig M [0.9017-0.074j  0.9318+0.0298j 1.0653+0.0208j 1.0022-0.0027j]
 turn 4 dx/(2pi) = [-0.8893-0.0013j -0.8456+0.0008j] dv = [-0.9273+8.5658j  0.0387-0.7634j]
   eig M [-0.5332-0.8628j -0.8812+0.4388j  0.3027+0.9396j  0.9997-0.0015j]
(0.147958+2.008276j) r 0.05
 turn 1 dx/(2pi) = [0.4652-0.0219j 0.3898-0.0004j] dv = [0.0814+6.846j  0.1304-0.2376j]
   eig M [-0.6086-0.7771j -0.8971+0.4344j  0.2799+0.8822j  1.0004+0.0116j]
 turn 2 dx/(2pi) = [0.4711+0.1216j 0.4474+0.1864j] dv = [ -7.6675+0.6799j -11.6848-2.7763j]
   eig M [ 1.1467-0.6131j  0.9678+0.0006j -0.3785+0.7965j -0.6073+0.3783j]
 turn 3 dx/(2pi) = [0.4453-0.0015j 0.4475+0.0005j] dv = [ 0.1438-0.0771j -0.0738+0.2737j]
   eig M [0.9808+0.0622j 1.0216-0.0683j 0.9729-0.0585j 0.9974+0.0104j]
 turn 4 dx/(2pi) = [0.9146-0.0228j 0.8366+0.0009j] dv = [0.1956+7.0849j 0.1192-0.4179j]
   eig M [-0.6214-0.7775j -0.8756+0.388j   0.2443+0.8556j  1.0077+0.0003j]
(0.147958+2.008276j) r 0.02
 turn 1 dx/(2pi) = [0.4328-0.0093j 0.3935+0.0022j] dv = [1.6816+7.1307j 1.8502-1.8871j]
   eig M [ 0.9984+0.0074j  0.2099+0.9736j -0.583 -0.811j  -0.8799+0.4085j]
 turn 2 dx/(2pi) = [0.4543+0.0773j 0.4425+0.1142j] dv = [-13.4103+0.4891j -19.5838-4.2915j]
   eig M [ 1.2266-0.67j    0.9858+0.0147j -0.4391+0.8268j -0.5637+0.3915j]
 turn 3 dx/(2pi) = [0.4457-0.0008j 0.4465+0.0006j] dv = [ 0.2382-0.0041j -0.0088+0.1697j]
   eig M [0.9964+0.0605j 1.0062-0.0662j 1.0042-0.0571j 0.9946+0.0022j]
 turn 4 dx/(2pi) = [0.8813-0.0093j 0.8408+0.0033j] dv = [1.8325+7.3951j 1.8387-1.9105j]
   eig M [ 1.0035+0.0008j  0.1847+0.9651j -0.5789-0.8038j -0.8669+0.3686j]
(1.07635+2.15249j) r 0.05
 turn 1 dx/(2pi) = [0.0896+0.1569j 0.1508+0.1602j] dv = [ -8.6031-8.6459j -11.4115-5.519j ]
   eig M [ 1.8411+1.7565j  0.9749+0.0173j -0.4372-0.7575j -0.4715-0.3206j]
 turn 2 dx/(2pi) = [0.0208+0.068j  0.0673+0.0093j] dv = [-1.2585-8.0142j -0.6347-1.702j ]
   eig M [ 0.2823-1.3914j -0.5894+0.7995j -0.9073-0.3732j  1.005 -0.0102j]
 turn 3 dx/(2pi) = [0.4477-0.0017j 0.4486+0.003j ] dv = [ 0.2196+0.1625j -0.379 -0.1356j]
   eig M [0.9428+0.1026j 1.0154-0.047j  0.9919+0.0432j 0.977 +0.0092j]
 turn 4 dx/(2pi) = [0.5465+0.1438j 0.6123+0.1505j] dv = [ -6.9183-6.3744j -10.7648-3.3045j]
   eig M [ 0.891 +1.243j   1.0223-0.0375j -0.3689-0.7602j -0.7077-0.3285j]
(1.07635+2.15249j) r 0.02
 turn 1 dx/(2pi) = [0.0939+0.0844j 0.1318+0.0843j] dv = [-15.812-12.8226j -20.548 -9.2547j]
   eig M [ 1.6859+1.8105j  0.9994+0.0085j -0.4245-0.7562j -0.4866-0.1977j]
 turn 2 dx/(2pi) = [0.0469+0.0293j 0.0697-0.007j ] dv = [-5.8841-11.1893j -5.59   -3.6241j]
   eig M [ 0.9988-0.0035j -0.1992-1.5129j -0.5722+0.8003j -0.6681-0.4756j]
 turn 3 dx/(2pi) = [0.4477-0.0005j 0.4479+0.0014j] dv = [ 0.1537+0.1937j -0.3394-0.0211j]
   eig M [0.9559+0.0632j 1.0193-0.0278j 0.983 +0.0311j 0.9922+0.0018j]
 turn 4 dx/(2pi) = [0.5474+0.0818j 0.5874+0.0822j] dv = [-14.985-11.1798j -20.248 -7.4816j]
   eig M [ 1.1851+1.5926j  1.003 -0.0336j -0.3676-0.807j  -0.5574-0.1604j]
