iter 0 t* = (0.7108248+0.6464719j)  closure after 3 turns 4.9e-15  correction (6.058448157107402e-06+4.883359450899773e-06j)
iter 1 t* = (0.7108308584481572+0.6464767833594509j)  closure after 3 turns 8.3e-15  correction (-5.455287460800037e-12+2.3680928940930014e-12j)
iter 2 t* = (0.7108308584427019+0.646476783361819j)  closure after 3 turns 2.6e-15  correction (3.7349066388163e-16+3.328399026646203e-16j)
iter 3 t* = (0.7108308584427022+0.6464767833618194j)  closure after 3 turns 8.2e-15  correction (-9.552380442142384e-17-3.182007977408854e-16j)
rho 0.03 closure 4.5e-15
  m=-5   7.011e-20   2.021e-19   2.038e-18   2.649e-18
  m=-4   1.845e-19   5.074e-19   5.895e-17   8.445e-17
  m=-3   1.039e-18   2.134e-18   3.257e-17   4.825e-17
  m=-2   7.303e-18   1.152e-17   1.253e-16   1.748e-16
  m=-1   1.856e-16   2.449e-16   4.065e-01   5.749e-01
  m=+0   2.457e-01   7.004e-01   2.371e-01   2.371e-01
  m=+1   2.829e-16   2.508e-16   3.181e-01   3.473e-01
  m=+2   6.098e-01   8.624e-01   1.198e-01   1.198e-01
  m=+3   2.371e-01   2.371e-01   1.491e-01   1.505e-01
  m=+4   2.385e-01   2.605e-01   1.063e-01   1.079e-01
  m=+5   7.187e-02   7.187e-02   2.000e-01   2.160e-01
  m=+6   7.456e-02   7.524e-02   7.105e-02   4.224e-02
rho 0.015 closure 2.8e-14
  m=-5   1.566e-20   4.045e-20   1.676e-18   2.829e-18
  m=-4   4.414e-20   1.727e-19   3.130e-17   4.282e-17
  m=-3   4.244e-19   1.269e-18   4.670e-17   6.317e-17
  m=-2   3.064e-18   9.698e-18   3.393e-16   4.126e-16
  m=-1   6.784e-17   1.626e-16   4.065e-01   5.749e-01
  m=+0   2.457e-01   7.004e-01   2.371e-01   2.371e-01
  m=+1   6.772e-16   1.092e-15   3.181e-01   3.473e-01
  m=+2   6.098e-01   8.624e-01   1.198e-01   1.198e-01
  m=+3   2.371e-01   2.371e-01   1.491e-01   1.505e-01
  m=+4   2.385e-01   2.605e-01   1.063e-01   1.079e-01
  m=+5   7.187e-02   7.187e-02   2.000e-01   2.160e-01
  m=+6   7.456e-02   7.524e-02   7.105e-02   4.224e-02
x(t*) = [0.14731838-0.19665129j 0.14731838+0.6847223j  0.23257318-0.04610264j
 0.23257318-0.04610264j]  cos(a1-a2)^2 = (1.9999999999999996+1.5700924586837742e-16j)
