gamma2 vertices ['0', '0.5000000000000000000000000000000000000000000000000000000000000000000000000000', '0.5000000000000000000000000000000000000000000000000000000000000000000000000000 + [-0.4000000000000000000000000000000000000000000000000000000000000000000000000000 +/- 1.74e-78]j', '[-0.9000000000000000000000000000000000000000000000000000000000000000000000000000 +/- 6.92e-78]j', '0.5000000000000000000000000000000000000000000000000000000000000000000000000000 + [-1.400000000000000000000000000000000000000000000000000000000000000000000000000 +/- 6.93e-78]j', '1.000000000000000000000000000000000000000000000000000000000000000000000000000 + [-0.9000000000000000000000000000000000000000000000000000000000000000000000000000 +/- 6.92e-78]j', '0.5000000000000000000000000000000000000000000000000000000000000000000000000000 + [-0.4000000000000000000000000000000000000000000000000000000000000000000000000000 +/- 1.74e-78]j', '0.5000000000000000000000000000000000000000000000000000000000000000000000000000', '0']
  segment 0j -> (0.5+0j): steps 40, max s 8.17e-28, max E 1.64e-26 (7 s)
  segment (0.5+0j) -> (0.5-0.4j): steps 94, max s 2.92e-27, max E 1.18e-25 (22 s)
  segment (0.5-0.4j) -> -0.9j: steps 277, max s 9.60e-27, max E 1.11e-24 (74 s)
  segment -0.9j -> (0.5-1.4j): steps 480, max s 3.07e-26, max E 6.27e-24 (91 s)
  segment (0.5-1.4j) -> (1-0.9j): steps 907, max s 1.02e-25, max E 5.00e-23 (174 s)
  segment (1-0.9j) -> (0.5-0.4j): steps 1971, max s 1.84e-23, max E 3.29e-20 (422 s)
  segment (0.5-0.4j) -> (0.5+0j): steps 2109, max s 2.44e-23, max E 4.46e-20 (69 s)
  segment (0.5+0j) -> 0j: steps 2222, max s 6.87e-23, max E 1.27e-19 (72 s)
turn 1 done: steps 2222, 931 s
  segment 0j -> (0.5+0j): steps 2334, max s 1.12e-22, max E 2.07e-19 (49 s)
  segment (0.5+0j) -> (0.5-0.4j): steps 2472, max s 3.25e-22, max E 6.24e-19 (57 s)
  segment (0.5-0.4j) -> -0.9j: steps 2679, max s 1.50e-21, max E 3.00e-18 (80 s)
  segment -0.9j -> (0.5-1.4j): steps 2793, max s 6.10e-21, max E 1.24e-17 (47 s)
  segment (0.5-1.4j) -> (1-0.9j): steps 2891, max s 3.32e-20, max E 6.82e-17 (39 s)
  segment (1-0.9j) -> (0.5-0.4j): steps 3886, max s 2.44e-18, max E 8.10e-15 (402 s)
  segment (0.5-0.4j) -> (0.5+0j): steps 4161, max s 3.40e-18, max E 1.15e-14 (117 s)
  segment (0.5+0j) -> 0j: steps 4481, max s 3.50e-18, max E 1.17e-14 (135 s)
turn 2 done: steps 4481, 1858 s
  segment 0j -> (0.5+0j): steps 4801, max s 1.03e-17, max E 3.70e-14 (135 s)
  segment (0.5+0j) -> (0.5-0.4j): steps 5076, max s 2.39e-17, max E 8.78e-14 (116 s)
  segment (0.5-0.4j) -> -0.9j: steps 5537, max s 2.95e-17, max E 1.09e-13 (187 s)
  segment -0.9j -> (0.5-1.4j): steps 5990, max s 9.74e-17, max E 4.02e-13 (193 s)
