gamma1 vertices ['0', '0.5000000000000000000000000000000000000000000000000000000000000000000000000000', '0.5000000000000000000000000000000000000000000000000000000000000000000000000000 + [0.4000000000000000000000000000000000000000000000000000000000000000000000000000 +/- 1.74e-78]j', '1.000000000000000000000000000000000000000000000000000000000000000000000000000 + [0.9000000000000000000000000000000000000000000000000000000000000000000000000000 +/- 6.92e-78]j', '0.5000000000000000000000000000000000000000000000000000000000000000000000000000 + [1.400000000000000000000000000000000000000000000000000000000000000000000000000 +/- 6.93e-78]j', '[0.9000000000000000000000000000000000000000000000000000000000000000000000000000 +/- 6.92e-78]j', '0.5000000000000000000000000000000000000000000000000000000000000000000000000000 + [0.4000000000000000000000000000000000000000000000000000000000000000000000000000 +/- 1.74e-78]j', '0.5000000000000000000000000000000000000000000000000000000000000000000000000000', '0']
  segment 0j -> (0.5+0j): steps 40, max s 8.17e-28, max E 1.64e-26 (7 s)
  segment (0.5+0j) -> (0.5+0.4j): steps 94, max s 2.92e-27, max E 1.17e-25 (21 s)
  segment (0.5+0.4j) -> (1+0.9j): steps 940, max s 4.78e-25, max E 5.67e-22 (344 s)
  segment (1+0.9j) -> (0.5+1.4j): steps 1332, max s 6.92e-25, max E 9.58e-22 (161 s)
  segment (0.5+1.4j) -> 0.9j: steps 1785, max s 1.18e-24, max E 1.84e-21 (189 s)
  segment 0.9j -> (0.5+0.4j): steps 2245, max s 7.21e-24, max E 1.43e-20 (224 s)
  segment (0.5+0.4j) -> (0.5+0j): steps 2520, max s 9.51e-24, max E 1.92e-20 (114 s)
  segment (0.5+0j) -> 0j: steps 2840, max s 1.09e-23, max E 2.11e-20 (135 s)
turn 1 done: steps 2840, 1195 s
  segment 0j -> (0.5+0j): steps 3160, max s 2.84e-23, max E 6.33e-20 (134 s)
  segment (0.5+0j) -> (0.5+0.4j): steps 3435, max s 6.54e-23, max E 1.50e-19 (116 s)
  segment (0.5+0.4j) -> (1+0.9j): steps 4431, max s 1.55e-20, max E 5.36e-17 (402 s)
  segment (1+0.9j) -> (0.5+1.4j): steps 4529, max s 7.03e-20, max E 2.44e-16 (39 s)
  segment (0.5+1.4j) -> 0.9j: steps 4643, max s 2.29e-19, max E 8.03e-16 (46 s)
  segment 0.9j -> (0.5+0.4j): steps 4849, max s 5.74e-19, max E 2.08e-15 (80 s)
  segment (0.5+0.4j) -> (0.5+0j): steps 4987, max s 8.93e-19, max E 3.28e-15 (56 s)
  segment (0.5+0j) -> 0j: steps 5100, max s 2.68e-18, max E 9.88e-15 (47 s)
turn 2 done: steps 5100, 2115 s
  segment 0j -> (0.5+0j): steps 5212, max s 4.47e-18, max E 1.65e-14 (47 s)
  segment (0.5+0j) -> (0.5+0.4j): steps 5350, max s 1.30e-17, max E 4.90e-14 (57 s)
