N= 4 P= 0.79789678388 claimed 0.797896783880 spread  1.8e-15 sumGG -6.0e-17 L -1.6e-17 Re k<0 True decreasing
N= 5 P=0.744814456963 claimed 0.744814456963 spread  4.2e-14 sumGG  8.6e-15 L  4.0e-16 Re k<0 True decreasing
N= 6 P=0.713680148529 claimed 0.713680148529 spread  1.5e-14 sumGG  3.5e-15 L  1.3e-16 Re k<0 True decreasing
N= 7 P=0.693661790833 claimed 0.693661790833 spread  1.4e-15 sumGG  3.6e-16 L  2.3e-17 Re k<0 True decreasing
N= 8 P=0.679770420787 claimed 0.679770420787 spread  2.0e-15 sumGG  5.5e-17 L -2.6e-17 Re k<0 True decreasing
N= 9 P=0.669581120611 claimed 0.669581120611 spread  1.3e-15 sumGG  2.6e-16 L  2.7e-17 Re k<0 True decreasing
N=10 P= 0.66179269445 claimed 0.661792694450 spread  9.5e-16 sumGG -2.4e-17 L -6.4e-19 Re k<0 True decreasing
N=11 P=0.655647858731 claimed 0.655647858731 spread  1.6e-15 sumGG  3.5e-16 L  1.1e-17 Re k<0 True decreasing
N=12 P=0.650676834711 claimed 0.650676834711 spread  1.4e-15 sumGG -1.4e-16 L -2.0e-17 Re k<0 True decreasing
N=13 P=0.646573024558 claimed 0.646573024558 spread  2.7e-15 sumGG -1.8e-17 L -1.6e-17 Re k<0 True decreasing
N=14 P=0.643127928141 claimed 0.643127928141 spread  1.2e-15 sumGG  1.4e-16 L  1.2e-17 Re k<0 True decreasing
N=15 P=0.640194860858 claimed 0.640194860858 spread  2.0e-15 sumGG  9.5e-17 L -6.5e-18 Re k<0 True decreasing
N=16 P=0.637667646956 claimed 0.637667646956 spread  2.9e-15 sumGG  3.8e-16 L  6.5e-17 Re k<0 True decreasing
N=17 P=0.635467549368 claimed 0.635467549368 spread  2.4e-15 sumGG -4.1e-16 L -2.7e-17 Re k<0 True decreasing
N=18 P=0.633534949575 claimed 0.633534949575 spread  4.7e-15 sumGG  3.9e-16 L  8.4e-17 Re k<0 True decreasing
N=19 P=0.631823879974 claimed 0.631823879974 spread  5.9e-15 sumGG  9.7e-16 L  1.2e-16 Re k<0 True decreasing
N=20 P=0.630298330148 claimed 0.630298330148 spread  3.1e-15 sumGG  2.7e-16 L  3.1e-17 Re k<0 True decreasing
N=21 P=0.628929690393 claimed 0.628929690393 spread  2.7e-15 sumGG  2.1e-16 L -2.1e-17 Re k<0 True decreasing
N=22 P=  0.6276949441 claimed 0.627694944100 spread  3.7e-15 sumGG  5.7e-16 L  2.8e-17 Re k<0 True decreasing
N=23 P=0.626575365091 claimed 0.626575365091 spread  4.7e-15 sumGG  1.1e-15 L  4.5e-17 Re k<0 True decreasing
N=24 P=0.625555562722 claimed 0.625555562722 spread  5.5e-15 sumGG  1.1e-15 L  2.7e-17 Re k<0 True decreasing
N=25 P=0.624622771068 claimed 0.624622771068 spread  8.2e-15 sumGG  2.0e-15 L  1.6e-16 Re k<0 True decreasing
